// Jest Snapshot v1, https://goo.gl/fbAQLP

exports[`should render without crashing 1`] = `
<div
  className="quote-container"
>
  <div
    className="quote-author"
  >
    <p>
      Loading...
    </p>
  </div>
</div>
`;
